// Jest Snapshot v1, https://goo.gl/fbAQLP

exports[`matches snapshot 1`] = `
<div
  style={
    Object {
      "alignItems": "center",
      "backgroundColor": "#fff",
      "color": "#0A283E",
      "display": "flex",
      "flexDirection": "column",
    }
  }
>
  <div
    style={
      Object {
        "width": "90%",
      }
    }
  />
</div>
`;
